; Exporta constantes
;
2000 0000 ; "LOAD>"		;	LOAD        >   
2002 0000 ; "WRITE>"		;	WRITE       >
2004 0000 ; "SUBTRACT>"		;	SUBTRACT    >

2006 0000 ; "CONST_0>"		;	CONST_0     >                 
2008 0000 ; "CONST_1>"		;	CONST_1     >                 
200a 0000 ; "CONST_2>"		;	CONST_2     >                 
200c 0000 ; "CONST_7>"		;	CONST_7     >                 
200e 0000 ; "CONST_9>"		;	CONST_9     >                 
2010 0000 ; "CONST_10>"		;	CONST_10    >                
2012 0000 ; "CONST_30>"		;	CONST_30    >                
2014 0000 ; "CONST_40>"		;	CONST_40    >                
2016 0000 ; "CONST_47>"		;	CONST_47    >                
2018 0000 ; "CONST_80>"		;	CONST_80    >                
201a 0000 ; "CONST_100>"		;	CONST_100   >               
201c 0000 ; "CONST_1000>"		;	CONST_1000  >              
201e 0000 ; "CONST_8000>"		;	CONST_8000  >              
2020 0000 ; "CONST_FFFF>"		;	CONST_FFFF  >        

2022 0000 ; "RANGE_START>"		;	RANGE_START >
2024 0000 ; "RANGE_END>"		;	RANGE_END   >
;
;
				;	& /0000 ; Origem relocavel
;
;
; CONSTANTES
;
; ###################################
; Operacoes
; ###################################
;
8000 8000		;	LOAD                    LD  /0000
8002 9000		;	WRITE		        	MM  /0000
8004 5000		;	SUBTRACT	        	-   /0000
;
; ###################################
; Numeros
; ###################################
;
8006 0000		;	CONST_0                 K   /0000
8008 0001		;	CONST_1                 K   /0001
800a 0002		;	CONST_2                 K   /0002
800c 0007		;	CONST_7                 K   /0007
800e 0009		;	CONST_9                 K   /0009
8010 0010		;	CONST_10                K   /0010
8012 0030		;	CONST_30                K   /0030
8014 0040		;	CONST_40                K   /0040
8016 0047		;	CONST_47                K   /0047
8018 0080		;	CONST_80                K   /0080
801a 0100		;	CONST_100               K   /0100
801c 1000		;	CONST_1000              K   /1000
801e 8000		;	CONST_8000              K   /8000
8020 ffff		;	CONST_FFFF  			K   /FFFF
;
;
; ###################################
; Sub rotinas
; ###################################
;
; Limite de memoria para aa sequencia de UNPACK
8022 0014		;	RANGE_START             K       /0014 ; Inicio do intervalo determinado
8024 0024		;	RANGE_END               K       /0024 ; Fim do intervalo determinado

