; Main
; 
; Importa/ Exporta
;
4000 0000 ; "INPUT_1_PTR<"		;	INPUT_1_PTR <
4001 0000 ; "INPUT_2_PTR<"		;	INPUT_2_PTR <
4002 0000 ; "INPUT_3_PTR<"		;	INPUT_3_PTR <

2018 0000 ; "OUTPUT_1>"		;	OUTPUT_1    >
201a 0000 ; "OUTPUT_2>"		;	OUTPUT_2    >
201c 0000 ; "OUTPUT_3>"		;	OUTPUT_3    >
;
; Rotinas
; 
4003 0000 ; "PACK<"		;	PACK        <
4004 0000 ; "UNPACK<"		;	UNPACK      <
4005 0000 ; "MEMCPY<"		;	MEMCPY      <
4006 0000 ; "CHTOI<"		;	CHTOI       <
4007 0000 ; "UITOCH<"		;	UITOCH      <
4008 0000 ; "HALF_PACK<"		;	HALF_PACK   <
;
				;	&   /0000
a000 0008		;	MAIN                JP  INI
; Entradas / Saidas
;
; UITOCH
;
8002 7fff		;	UITOCH_INPUT		    K	/7FFF
8004 0000		;	UITOCH_OUTPUT_1 		K 	/0000
8006 0000		;	UITOCH_OUTPUT_2 		K 	/0000
;
; Programa
; 
; PACK
;
a008 3002		;	INI                 LV UITOCH_INPUT ; Carrega o endereço de UITOCH_INPUT
d00a 9000		;	    	            MM INPUT_1_PTR ; Armazena esse valor em INPUT_1_PTR 
    	           
d00c a007		;	                    SC UITOCH ; Chama sub rotina UITOCH
                    
a00e 8018		;	                    LD OUTPUT_1 ; Carrega primeira palavra
a010 9004		;	                    MM UITOCH_OUTPUT_1 ; Salva na saida
                    
a012 801a		;	                    LD OUTPUT_2 ; Carrega primeira palavra
a014 9006		;	                    MM UITOCH_OUTPUT_2 ; Salva na saida
a016 c016		;	END                 HM END 
;
; Saidas
;
8018 0000		;	OUTPUT_1    K /0000 ; Endereco da entrada 1
801a 0000		;	OUTPUT_2    K /0000 ; Endereco da entrada 2
801c 0000		;	OUTPUT_3    K /0000 ; Endereco da entrada 3
;
