; Main
; 
; Importa/ Exporta
;
; PACK
4000 0000 ; "PACK<"		;	PACK <
4001 0000 ; "PACK_INPUT_1_PTR<"		;	PACK_INPUT_1_PTR <
4002 0000 ; "PACK_INPUT_2_PTR<"		;	PACK_INPUT_2_PTR <
200c 0000 ; "PACK_OUTPUT>"		;	PACK_OUTPUT >
; 
; UNPACK
4003 0000 ; "UNPACK<"		;	UNPACK <
4004 0000 ; "UNPACK_INPUT_PTR<"		;	UNPACK_INPUT_PTR <
2010 0000 ; "UNPACK_OUTPUT_1>"		;	UNPACK_OUTPUT_1 >
2012 0000 ; "UNPACK_OUTPUT_2>"		;	UNPACK_OUTPUT_2 >
;
; MEMCPY
4005 0000 ; "MEMCPY<"		;	MEMCPY <
4006 0000 ; "MEMCPY_ORIGIN_PTR<"		;	MEMCPY_ORIGIN_PTR <
4007 0000 ; "MEMCPY_DESTINATION_PTR<"		;	MEMCPY_DESTINATION_PTR <
4008 0000 ; "MEMCPY_SIZE_PTR<"		;	MEMCPY_SIZE_PTR <
;
; CHTOI
4009 0000 ; "CHTOI<"		;	CHTOI <
4010 0000 ; "CHTOI_INPUT_1_PTR<"		;	CHTOI_INPUT_1_PTR <   
4011 0000 ; "CHTOI_INPUT_2_PTR<"		;	CHTOI_INPUT_2_PTR <
2006 0000 ; "CHTOI_OUTPUT>"		;	CHTOI_OUTPUT >
;
;
; HALF_PACK
4012 0000 ; "HALF_PACK<"		;	HALF_PACK <
4013 0000 ; "HALF_PACK_INPUT_1_PTR<"		;	HALF_PACK_INPUT_1_PTR <
4014 0000 ; "HALF_PACK_INPUT_2_PTR<"		;	HALF_PACK_INPUT_2_PTR <

0000 0000 ; "HALF_PACK_OUTPUT>"		;	HALF_PACK_OUTPUT >
;
				;	&   /0000
a000 002c		;	MAIN                JP  INI
; Entradas / Saidas
;
; CHTOI
;
8002 3739		;	CHTOI_INPUT_1		K	/3739  
8004 4142		;	CHTOI_INPUT_2 		K	/4142
8006 0000		;	CHTOI_OUTPUT 		K 	/0000
; Entradas / Saidas
;
; PACK
;
8008 00fa		;	PACK_INPUT_1        K   /00FA       ; 0002
800a 00ff		;	PACK_INPUT_2        K   /00FF       ; 0004
800c 0000		;	PACK_OUTPUT         K   /0000       ; 0006
;
; UNPACK
;
800e 8001		;	UNPACK_INPUT        K   /8001       ; 0008
8010 0000		;	UNPACK_OUTPUT_1     K   /0000       ; 000A
8012 0000		;	UNPACK_OUTPUT_2     K   /0000       ; 000C
;
; MEMCPY
;
8014 0003		;	MEMCPY_SIZE         K   /0003       ; 000E
8016 0014		;	MEMCPY_ORIGIN       K   /0014       ; 0010
8018 001c		;	MEMCPY_DESTINATION  K   /001c       ; 0012
801a 0001		;	TEST_LIST			K   /0001		; 0014
801c 0002		;						K	/0002	 	; 0016
801e 0003		;						K	/0003		; 0018
8020 0004		;						K	/0004		; 001A
8022 ffff		;						K	/FFFF		; 001C
8024 ffff		;						K	/FFFF		; 001E
8026 ffff		;						K	/FFFF	 	; 0020
8028 ffff		;						K	/FFFF	 	; 0022
802a ffff		;						K	/FFFF	 	; 0024
;
; Programa
; 
; PACK
;
a02c 3002		;	INI                 LV CHTOI_INPUT_1 ; Carrega o endereço de CHTOI_INPUT_1
d02e 9010		;	    	            MM CHTOI_INPUT_1_PTR ; Armazena esse valor em CHTOI_INPUT_1_PTR 
    	            
a030 3004		;	    	            LV CHTOI_INPUT_2 ; Carrega o endereço de CHTOI_INPUT_2
d032 9011		;	                    MM CHTOI_INPUT_2_PTR ; Armazena esse valor em CHTOI_INPUT_2_PTR
                    
d034 a009		;	                    SC CHTOI ; Chama sub rotina CHTOI
                    
a036 9006		;	                    MM CHTOI_OUTPUT ; Salva na saida

a038 c038		;	END                 HM END
