; Main
; 
; Importa/ Exporta
;
4000 0000 ; "INPUT_1_PTR<"		;	INPUT_1_PTR <
4001 0000 ; "INPUT_2_PTR<"		;	INPUT_2_PTR <
4002 0000 ; "INPUT_3_PTR<"		;	INPUT_3_PTR <

2016 0000 ; "OUTPUT_1>"		;	OUTPUT_1    >
2018 0000 ; "OUTPUT_2>"		;	OUTPUT_2    >
201a 0000 ; "OUTPUT_3>"		;	OUTPUT_3    >
;
; Rotinas
; 
4003 0000 ; "PACK<"		;	PACK        <
4004 0000 ; "UNPACK<"		;	UNPACK      <
4005 0000 ; "MEMCPY<"		;	MEMCPY      <
4006 0000 ; "CHTOI<"		;	CHTOI       <
4007 0000 ; "HALF_PACK<"		;	HALF_PACK   <
;
				;	&   /0000
a000 0008		;	MAIN                JP  INI
; Entradas / Saidas
;
; CHTOI
;
8002 4552		;	CHTOI_INPUT_1		K	/4552     
8004 524f		;	CHTOI_INPUT_2 		K	/524F
8006 0000		;	CHTOI_OUTPUT 		K 	/0000
;
;
a008 3002		;	INI                 LV CHTOI_INPUT_1 ; Carrega o endereço de CHTOI_INPUT_1
d00a 9000		;	    	            MM INPUT_1_PTR ; Armazena esse valor em INPUT_1_PTR 
    	            
a00c 3004		;	    	            LV CHTOI_INPUT_2 ; Carrega o endereço de CHTOI_INPUT_2
d00e 9001		;	                    MM INPUT_2_PTR ; Armazena esse valor em INPUT_2_PTR
                    
d010 a006		;	                    SC CHTOI ; Chama sub rotina CHTOI
                    
a012 9006		;	                    MM CHTOI_OUTPUT ; Salva na saida

a014 c014		;	END                 HM END
;
; Ponteiros de entrada
8016 0000		;	OUTPUT_1    K /0000 ; Endereco da entrada 1
8018 0000		;	OUTPUT_2    K /0000 ; Endereco da entrada 2
801a 0000		;	OUTPUT_3    K /0000 ; Endereco da entrada 3
;
